.\venv\Scripts\python : Creating test database for 
alias 'default'...
At line:1 char:1
+ .\venv\Scripts\python manage.py test patients.tests 
--noinput > test_ ...
+ ~~~~~~~~~~~~~~~~~~~~~~~~~~~~~~~~~~~~~~~~~~~~~~~~~~~~~~
~~~~~~~~~~~~~~~
    + CategoryInfo          : NotSpecified: (Creating t 
   est d...as 'default'...:String) [], RemoteException
    + FullyQualifiedErrorId : NativeCommandError
 

C:\Python313\Lib\unittest\case.py:116: UserWarning: 
Overriding setting DATABASES can lead to unexpected 
behavior.
  result = enter(cm)
C:\Users\Arjun\Desktop\Personal\Dev\Web\Django\venv\Lib\
site-packages\jwt\api_jwt.py:153: 
InsecureKeyLengthWarning: The HMAC key is 20 bytes 
long, which is below the minimum recommended length of 
32 bytes for SHA256. See RFC 7518 Section 3.2.
  return self._jws.encode(
C:\Users\Arjun\Desktop\Personal\Dev\Web\Django\venv\Lib\
site-packages\jwt\api_jwt.py:371: 
InsecureKeyLengthWarning: The HMAC key is 20 bytes 
long, which is below the minimum recommended length of 
32 bytes for SHA256. See RFC 7518 Section 3.2.
  decoded = self.decode_complete(
.F.......F...F
========================================================
==============
FAIL: test_create_patient_with_medical_history_success (
patients.tests.PatientAPITestCase.test_create_patient_wi
th_medical_history_success)
--------------------------------------------------------
--------------
Traceback (most recent call last):
  File "C:\Users\Arjun\Desktop\Personal\Dev\Web\Django\p
atients\tests.py", line 60, in 
test_create_patient_with_medical_history_success
    self.assertEqual(response.status_code, 
status.HTTP_201_CREATED)
    ~~~~~~~~~~~~~~~~^^^^^^^^^^^^^^^^^^^^^^^^^^^^^^^^^^^^
^^^^^^^^^^^
AssertionError: 400 != 201

========================================================
==============
FAIL: test_update_patient_patch_success (patients.tests.
PatientAPITestCase.test_update_patient_patch_success)
--------------------------------------------------------
--------------
Traceback (most recent call last):
  File "C:\Users\Arjun\Desktop\Personal\Dev\Web\Django\p
atients\tests.py", line 123, in 
test_update_patient_patch_success
    self.assertEqual(response.status_code, 
status.HTTP_200_OK)
    ~~~~~~~~~~~~~~~~^^^^^^^^^^^^^^^^^^^^^^^^^^^^^^^^^^^^
^^^^^^
AssertionError: 400 != 200

========================================================
==============
FAIL: test_validation_gender_invalid (patients.tests.Pat
ientAPITestCase.test_validation_gender_invalid)
--------------------------------------------------------
--------------
Traceback (most recent call last):
  File "C:\Users\Arjun\Desktop\Personal\Dev\Web\Django\p
atients\tests.py", line 193, in 
test_validation_gender_invalid
    self.assertIn("non_field_errors", response.data)
    ~~~~~~~~~~~~~^^^^^^^^^^^^^^^^^^^^^^^^^^^^^^^^^^^
AssertionError: 'non_field_errors' not found in 
{'gender': [ErrorDetail(string='"unknown" is not a 
valid choice.', code='invalid_choice')]}

--------------------------------------------------------
--------------
Ran 14 tests in 97.636s

FAILED (failures=3)
Destroying test database for alias 'default'...

Found 14 test(s).
System check identified no issues (0 silenced).
